
> easypos-react@1.0.0 build
> vite build

[36mvite v5.4.21 [32mbuilding for production...[36m[39m
transforming...
[32mÔ£ô[39m 171 modules transformed.
npm : [31mx[39m Build failed in 2.26s
At line:1 char:1
+ npm run build > build_output.txt 2>&1
+ ~~~~~~~~~~~~~~~~~~~~~~~~~~~~~~~~~~~~~
    + CategoryInfo          : NotSpecified: ([31mx[39m Build failed in 2.26s:String) [], RemoteException
    + FullyQualifiedErrorId : NativeCommandError
 
[31merror during build:
[31msrc/pages/ProductsInventoryPage.jsx (11:19): "CATEGORIES" is not exported by "src/utils/constants.js", imported 
by "src/pages/ProductsInventoryPage.jsx".[31m
file: [36mC:/Users/MyProjects/EasyPOS-React/src/pages/ProductsInventoryPage.jsx:11:19[31m
[33m
 9: import createLogger from '../utils/logger';
10: import { formatCurrency } from '../utils/formatters';
11: import { DEFAULTS, CATEGORIES, WAREHOUSES } from '../utils/constants';
                       ^
12: 
13: const logger = createLogger('ProductsPage');
[31m
    at getRollupError (file:///C:/Users/MyProjects/EasyPOS-React/node_modules/rollup/dist/es/shared/parseAst.js:402:41)
    at error (file:///C:/Users/MyProjects/EasyPOS-React/node_modules/rollup/dist/es/shared/parseAst.js:398:42)
    at Module.error 
(file:///C:/Users/MyProjects/EasyPOS-React/node_modules/rollup/dist/es/shared/node-entry.js:17040:16)
    at Module.traceVariable 
(file:///C:/Users/MyProjects/EasyPOS-React/node_modules/rollup/dist/es/shared/node-entry.js:17452:29)
    at ModuleScope.findVariable 
(file:///C:/Users/MyProjects/EasyPOS-React/node_modules/rollup/dist/es/shared/node-entry.js:15070:39)
    at FunctionScope.findVariable 
(file:///C:/Users/MyProjects/EasyPOS-React/node_modules/rollup/dist/es/shared/node-entry.js:5673:38)
    at FunctionBodyScope.findVariable 
(file:///C:/Users/MyProjects/EasyPOS-React/node_modules/rollup/dist/es/shared/node-entry.js:5673:38)
    at MemberExpression.bind 
(file:///C:/Users/MyProjects/EasyPOS-React/node_modules/rollup/dist/es/shared/node-entry.js:7392:49)
    at Property.bind 
(file:///C:/Users/MyProjects/EasyPOS-React/node_modules/rollup/dist/es/shared/node-entry.js:2829:23)
    at ObjectExpression.bind 
(file:///C:/Users/MyProjects/EasyPOS-React/node_modules/rollup/dist/es/shared/node-entry.js:2825:28)[39m
